../LWIP/Target/ethernetif.c:47:13:cdc_debug_printf	24	static
../LWIP/Target/ethernetif.c:63:13:cdc_debug_log	160	static
../LWIP/Target/ethernetif.c:172:13:ethernet_frame_debug	424	static
../LWIP/Target/ethernetif.c:215:13:debug_eth_dma_descriptors	336	static
../LWIP/Target/ethernetif.c:261:13:debug_eth_dma_registers	136	static
../LWIP/Target/ethernetif.c:285:13:debug_eth_config	144	static
../LWIP/Target/ethernetif.c:315:6:HAL_ETH_RxCpltCallback	16	static
../LWIP/Target/ethernetif.c:324:6:HAL_ETH_TxCpltCallback	16	static
../LWIP/Target/ethernetif.c:333:6:HAL_ETH_ErrorCallback	16	static
../LWIP/Target/ethernetif.c:355:13:low_level_init	328	static
../LWIP/Target/ethernetif.c:592:14:low_level_output	80	static
../LWIP/Target/ethernetif.c:664:22:low_level_input	24	static
../LWIP/Target/ethernetif.c:685:13:ethernetif_input	24	static
../LWIP/Target/ethernetif.c:742:7:ethernetif_init	16	static
../LWIP/Target/ethernetif.c:793:6:pbuf_free_custom	24	static
../LWIP/Target/ethernetif.c:816:7:sys_now	8	static
../LWIP/Target/ethernetif.c:829:16:PHY_IO_Init	8	static
../LWIP/Target/ethernetif.c:846:16:PHY_IO_DeInit	8	static
../LWIP/Target/ethernetif.c:864:16:PHY_IO_ReadReg	96	static
../LWIP/Target/ethernetif.c:883:16:PHY_IO_WriteReg	96	static
../LWIP/Target/ethernetif.c:899:16:PHY_IO_GetTick	8	static
../LWIP/Target/ethernetif.c:911:6:ethernet_link_thread	200	static
../LWIP/Target/ethernetif.c:1102:6:HAL_ETH_RxAllocateCallback	32	static
../LWIP/Target/ethernetif.c:1124:6:HAL_ETH_RxLinkCallback	40	static
../LWIP/Target/ethernetif.c:1161:6:HAL_ETH_TxFreeCallback	16	static
