../Core/Src/loadcell_driver.c:28:5:loadcell_init	24	static
../Core/Src/loadcell_driver.c:37:5:loadcell_read_net_weight	16	static
../Core/Src/loadcell_driver.c:46:5:loadcell_zero	24	static
../Core/Src/loadcell_driver.c:57:5:loadcell_tare	24	static
../Core/Src/loadcell_driver.c:67:5:loadcell_clear_tare	8	static
../Core/Src/loadcell_driver.c:76:5:loadcell_calibrate	24	static
../Core/Src/loadcell_driver.c:89:5:loadcell_set_unit	16	static
../Core/Src/loadcell_driver.c:95:5:loadcell_close	8	static
../Core/Src/loadcell_driver.c:101:14:eMBRegHoldingCB	24	static
