../Core/Src/stm32f4xx_it.c:80:6:NMI_Handler	4	static
../Core/Src/stm32f4xx_it.c:95:6:HardFault_Handler	4	static
../Core/Src/stm32f4xx_it.c:110:6:MemManage_Handler	4	static
../Core/Src/stm32f4xx_it.c:125:6:BusFault_Handler	4	static
../Core/Src/stm32f4xx_it.c:140:6:UsageFault_Handler	4	static
../Core/Src/stm32f4xx_it.c:155:6:DebugMon_Handler	4	static
../Core/Src/stm32f4xx_it.c:175:6:DMA1_Stream1_IRQHandler	8	static
../Core/Src/stm32f4xx_it.c:189:6:USART3_IRQHandler	8	static
../Core/Src/stm32f4xx_it.c:203:6:TIM8_TRG_COM_TIM14_IRQHandler	8	static
../Core/Src/stm32f4xx_it.c:217:6:TIM7_IRQHandler	8	static
../Core/Src/stm32f4xx_it.c:231:6:DMA2_Stream1_IRQHandler	8	static
../Core/Src/stm32f4xx_it.c:245:6:ETH_IRQHandler	8	static
../Core/Src/stm32f4xx_it.c:277:6:OTG_FS_IRQHandler	8	static
../Core/Src/stm32f4xx_it.c:291:6:USART6_IRQHandler	8	static
