../Core/Src/stm32f4xx_it.c:78:6:NMI_Handler	4	static
../Core/Src/stm32f4xx_it.c:93:6:HardFault_Handler	4	static
../Core/Src/stm32f4xx_it.c:108:6:MemManage_Handler	4	static
../Core/Src/stm32f4xx_it.c:123:6:BusFault_Handler	4	static
../Core/Src/stm32f4xx_it.c:138:6:UsageFault_Handler	4	static
../Core/Src/stm32f4xx_it.c:153:6:DebugMon_Handler	4	static
../Core/Src/stm32f4xx_it.c:173:6:DMA1_Stream1_IRQHandler	8	static
../Core/Src/stm32f4xx_it.c:187:6:USART3_IRQHandler	8	static
../Core/Src/stm32f4xx_it.c:201:6:TIM8_TRG_COM_TIM14_IRQHandler	8	static
../Core/Src/stm32f4xx_it.c:215:6:TIM7_IRQHandler	8	static
../Core/Src/stm32f4xx_it.c:229:6:ETH_IRQHandler	8	static
../Core/Src/stm32f4xx_it.c:261:6:OTG_FS_IRQHandler	8	static
