../Core/Src/stm32f4xx_hal_msp.c:63:6:HAL_MspInit	16	static
../Core/Src/stm32f4xx_hal_msp.c:88:6:HAL_TIM_Base_MspInit	24	static
../Core/Src/stm32f4xx_hal_msp.c:114:6:HAL_TIM_Base_MspDeInit	16	static
../Core/Src/stm32f4xx_hal_msp.c:139:6:HAL_UART_MspInit	56	static
../Core/Src/stm32f4xx_hal_msp.c:199:6:HAL_UART_MspDeInit	16	static
../Core/Src/stm32f4xx_hal_msp.c:242:13:HAL_FSMC_MspInit	32	static
../Core/Src/stm32f4xx_hal_msp.c:335:6:HAL_SRAM_MspInit	16	static
../Core/Src/stm32f4xx_hal_msp.c:347:13:HAL_FSMC_MspDeInit	8	static
../Core/Src/stm32f4xx_hal_msp.c:418:6:HAL_SRAM_MspDeInit	16	static
